chriss-mac-pro:~ Chris$ git config
usage: git config [options]

Config file location
    --global              use global config file
    --system              use system config file
    -f, --file <FILE>     use given config file

Action
    --get                 get value: name [value-regex]
    --get-all             get all values: key [value-regex]
    --get-regexp          get values for regexp: name-regex [value-regex]
    --replace-all         replace all matching variables: name value [value_regex]
    --add                 adds a new variable: name value
    --unset               removes a variable: name [value-regex]
    --unset-all           removes all matches: name [value-regex]
    --rename-section      rename section: old-name new-name
    --remove-section      remove a section: name
    -l, --list            list all
    -e, --edit            opens an editor
    --get-color <slot>    find the color configured: [default]
    --get-colorbool <slot>
                          find the color setting: [stdout-is-tty]

Type
    --bool                value is "true" or "false"
    --int                 value is decimal number
    --bool-or-int         value is --bool or --int
    --path                value is a path (file or directory name)

Other
    -z, --null            terminate values with NUL byte

chriss-mac-pro:~ Chris$ git config "Chris Cooper"
chriss-mac-pro:~ Chris$ gif config --global user.name "Chris Cooper"
-bash: gif: command not found
chriss-mac-pro:~ Chris$ gitf config --global user.name "Chris Cooper"
-bash: gitf: command not found
chriss-mac-pro:~ Chris$ git config --global user.name "Chris Cooper"
chriss-mac-pro:~ Chris$ git config --global user.email "chrisynd@gmail.com"
chriss-mac-pro:~ Chris$ ls
Desktop		Downloads	Library		Music		Public		TV
Documents	Dropbox		Movies		Pictures	Sites
chriss-mac-pro:~ Chris$ cd sites
chriss-mac-pro:sites Chris$ ls
christopherrcooper	gwu_r2.1.3.zip		gwu_r2.2.0.zip		gwu_r2.3.1.zip		gwu_r2.3.2.zip
gwu			gwu_r2.2.0		gwu_r2.3.1		gwu_r2.3.2		vsrc
chriss-mac-pro:sites Chris$ cd git-gwu
chriss-mac-pro:git-gwu Chris$ ls
chriss-mac-pro:git-gwu Chris$ get init
-bash: get: command not found
chriss-mac-pro:git-gwu Chris$ git init
Initialized empty Git repository in /Users/Chris/Sites/git-gwu/.git/
chriss-mac-pro:git-gwu Chris$ git add
Nothing specified, nothing added.
Maybe you wanted to say 'git add .'?
chriss-mac-pro:git-gwu Chris$ git clone git@github.com:dcohen/GWU-CCAS.git
Initialized empty Git repository in /Users/Chris/Sites/git-gwu/GWU-CCAS/.git/
The authenticity of host 'github.com (207.97.227.239)' can't be established.
RSA key fingerprint is 16:27:ac:a5:76:28:2d:36:63:1b:56:4d:eb:df:a6:48.
Are you sure you want to continue connecting (yes/no)? yes
Warning: Permanently added 'github.com,207.97.227.239' (RSA) to the list of known hosts.
Permission denied (publickey).
fatal: The remote end hung up unexpectedly
chriss-mac-pro:git-gwu Chris$ git clone https://chrisrcooper@github.com/dcohen/GWU-CCAS.git
Initialized empty Git repository in /Users/Chris/Sites/git-gwu/GWU-CCAS/.git/
Password: 
remote: Counting objects: 289, done.
remote: Compressing objects: 100% (220/220), done.
remote: Total 289 (delta 86), reused 235 (delta 64)
Receiving objects: 100% (289/289), 2.85 MiB | 2.98 MiB/s, done.
Resolving deltas: 100% (86/86), done.
chriss-mac-pro:git-gwu Chris$ ls
GWU-CCAS
chriss-mac-pro:git-gwu Chris$ git commit
# On branch master
#
# Initial commit
#
# Untracked files:
#   (use "git add <file>..." to include in what will be committed)
#
#	GWU-CCAS/
nothing added to commit but untracked files present (use "git add" to track)
chriss-mac-pro:git-gwu Chris$ ls
GWU-CCAS
chriss-mac-pro:git-gwu Chris$ cd ..
chriss-mac-pro:sites Chris$ ls
christopherrcooper	gwu_r2.1.3.zip		gwu_r2.3.1		gwu_r2.3.2.zip
git-gwu			gwu_r2.2.0		gwu_r2.3.1.zip		vsrc
gwu			gwu_r2.2.0.zip		gwu_r2.3.2
chriss-mac-pro:sites Chris$ cd git-gwu
chriss-mac-pro:git-gwu Chris$ ls
GWU-CCAS
chriss-mac-pro:git-gwu Chris$ git add .
chriss-mac-pro:git-gwu Chris$ ls
GWU-CCAS
chriss-mac-pro:git-gwu Chris$ git commit

Removed ephoxStyles.css (initial Git test)
# Please enter the commit message for your changes. Lines starting
# with '#' will be ignored, and an empty message aborts the commit.
# On branch master
#
# Initial commit
#
# Changes to be committed:
#   (use "git rm --cached <file>..." to unstage)
#
#       new file:   GWU-CCAS
#
# Changed but not updated:
#   (use "git add <file>..." to update what will be committed)
#   (use "git checkout -- <file>..." to discard changes in working directory)
#   (commit or discard the untracked or modified content in submodules)
#
#       modified:   GWU-CCAS (modified content)
#
~                                                                                                                       
~                                                                                                                       
~                                                                                                                       
~                                                                                                                       
~                                                                                                                       
~                                                                                                                       
~                                                                                                                       
~                                                                                                                       
~                                                                                                                       
~                                                                                                                       
~                                                                                                                       
~                                                                                                                       
~                                                                                                                       
~                                                                                                                       
-- REPLACE --
